// Jest Snapshot v1, https://goo.gl/fbAQLP

exports[`components/Menu mounts 1`] = `
<nav
  class="navbar navbar-expand-lg navbar-light bg-light"
>
  <div
    class="container"
  >
    <a
      href="/"
    >
      React 
      <strong>
        16
      </strong>
    </a>
    <ul
      class="navbar-nav mr-auto"
    >
      <li
        class="nav-item "
      >
        <a
          href="/"
        >
          menu.home
        </a>
      </li>
      <li
        class="nav-item "
      >
        <a
          href="/settings"
        >
          menu.settings
        </a>
      </li>
    </ul>
  </div>
</nav>
`;
